[headtohealth.gov.au/index.html]
[use.typekit.net/ust6had.js]
[headtohealth.gov.au/bundles/dmhg/scripts/analytics7cec]
[backblue.gif]
[fade.gif]
[index.html]
[headtohealth.gov.au/apple-touch-icon.png]
[headtohealth.gov.au/favicon-32x32.png]
[headtohealth.gov.au/favicon-16x16.png]
[headtohealth.gov.au/manifest.json]
[headtohealth.gov.au/bundles/dmhg/styles/common219f.css]
[headtohealth.gov.au/bundles/dmhg/scripts/common94e3]
[headtohealth.gov.au/bundles/dmhg/scripts/thirdpartyaad2]
[connect.facebook.net/en_US/fbevents.js]
[headtohealth.gov.au/covid-19-support/covid-19-support.html]
[headtohealth.gov.au/Home/Accessibility and language.html]
[headtohealth.gov.au/covid-19-support/impacts-on-everyday-life/staying-connected.html]
[headtohealth.gov.au/meaningful-life/connectedness/connectedness.html]
[headtohealth.gov.au/search-resources.html]
[headtohealth.gov.au/-/media/dmhg/requestresources/Service Provider Info Pack_v38929.pdf]
[headtohealth.gov.au/service-providers/explore-all-service-providers.html]
[headtohealth.gov.au/saved-resources.html]
[headtohealth.gov.au/resources/black-dog-institute---hp---head-to-health-explainer-video-for-gps.html]
[headtohealth.gov.au/search-resources7130.html]
[headtohealth.gov.au/search-resources2faa.html]
[headtohealth.gov.au/search-resourcesea4c.html]
[headtohealth.gov.au/search-resources9dae.html]
[headtohealth.gov.au/search-resources3c4f.html]
[headtohealth.gov.au/Home/About/News and Announcements/Keep Your Spirit Strong.html]
[headtohealth.gov.au/Home/About/news-and-announcements/new-national-safety-and-quality-digital-mental-health-standards.html]
[headtohealth.gov.au/search-resourcesef5b.html]
[headtohealth.gov.au/search-resources19aa.html]
[headtohealth.gov.au/search-resources9daa.html]
[headtohealth.gov.au/search-resourcesa8a7.html]
[headtohealth.gov.au/sam-the-chatbot.html]
[headtohealth.gov.au/about-us.html]
[headtohealth.gov.au/bundles/dmhg/scripts/contentcards192e]
[headtohealth.gov.au/bundles/dmhg/scripts/homepagec0d5]
[headtohealth.gov.au/index.html]
[headtohealth.gov.au/crisis-links.html]
[headtohealth.gov.au/Content/css/fonts/glyphicons-halflings-regular.eot]
[headtohealth.gov.au/Content/css/fonts/glyphicons-halflings-regulard41d.eot]
[headtohealth.gov.au/Content/css/fonts/glyphicons-halflings-regular.woff2]
[headtohealth.gov.au/Content/css/fonts/glyphicons-halflings-regular.woff]
[headtohealth.gov.au/Content/css/fonts/glyphicons-halflings-regular.ttf]
[headtohealth.gov.au/Content/css/fonts/fontawesome-webfont3e6e.eot]
[headtohealth.gov.au/Content/css/fonts/fontawesome-webfontd41d.eot]
[headtohealth.gov.au/Content/css/fonts/fontawesome-webfont3e6e.woff2]
[headtohealth.gov.au/Content/css/fonts/fontawesome-webfont3e6e.woff]
[headtohealth.gov.au/Content/css/fonts/fontawesome-webfont3e6e.ttf]
[headtohealth.gov.au/Content/fonts/DMHG/fontheadtohealth/fonts/fontheadtohealth4740.eot]
[headtohealth.gov.au/Content/fonts/DMHG/fontheadtohealth/fonts/fontheadtohealth4740.ttf]
[headtohealth.gov.au/Content/fonts/DMHG/fontheadtohealth/fonts/fontheadtohealth4740.woff]
[headtohealth.gov.au/Content/images/DMHG/Homepage/new-to-HTH_video-screenshot_2x.png]
[headtohealth.gov.au/bundles/dmhg/styles/common219f.css]
[connect.facebook.net/en_US/fbevents.js]
[headtohealth.gov.au/supporting-someone-else/how-to-support-someone.html]
[headtohealth.gov.au/search-resources83ae.html]
[headtohealth.gov.au/search-resources8a51.html]
[headtohealth.gov.au/bundles/dmhg/scripts/contentpages5c30]
[headtohealth.gov.au/covid-19-support/covid-19-support.html]
[headtohealth.gov.au/Home/Mandarin.html]
[headtohealth.gov.au/Home/Cantonese.html]
[headtohealth.gov.au/Home/Korean.html]
[headtohealth.gov.au/Home/Italian.html]
[headtohealth.gov.au/Home/Arabic.html]
[headtohealth.gov.au/Home/Vietnamese.html]
[headtohealth.gov.au/Home/Greek.html]
[headtohealth.gov.au/bundles/dmhg/scripts/corporate32f6]
[headtohealth.gov.au/Home/Accessibility and language.html]
[headtohealth.gov.au/covid-19-support/impacts-on-everyday-life/staying-connected.html]
[headtohealth.gov.au/meaningful-life/connectedness/connectedness.html]
[headtohealth.gov.au/bundles/dmhg/scripts/servicesearch6ddc]
[headtohealth.gov.au/search-resources.html]
[headtohealth.gov.au/search-resources0562.html]
[headtohealth.gov.au/search-resources2fca.html]
[headtohealth.gov.au/search-resourcescc16.html]
[headtohealth.gov.au/search-resources634a.html]
[headtohealth.gov.au/search-resourcesd73c.html]
[headtohealth.gov.au/search-resourcesc0b6.html]
[headtohealth.gov.au/search-resourcesf281.html]
[headtohealth.gov.au/search-resourcese450.html]
[headtohealth.gov.au/search-resources3f33.html]
[headtohealth.gov.au/search-resources45b0.html]
[headtohealth.gov.au/search-resourcesbd23.html]
[headtohealth.gov.au/search-resources62e0.html]
[headtohealth.gov.au/search-resources2da6.html]
[headtohealth.gov.au/search-resources1096.html]
[headtohealth.gov.au/search-resources3ce7.html]
[headtohealth.gov.au/search-resources7fb6.html]
[headtohealth.gov.au/search-resourcesa1da.html]
[headtohealth.gov.au/search-resources0c33.html]
[headtohealth.gov.au/search-resourcesecd3.html]
[headtohealth.gov.au/search-resources6ebc.html]
[headtohealth.gov.au/search-resourcesbe6f.html]
[headtohealth.gov.au/search-resources9934.html]
[headtohealth.gov.au/search-resources578c.html]
[headtohealth.gov.au/search-resources0735.html]
[headtohealth.gov.au/search-resources8eb8.html]
[headtohealth.gov.au/search-resources7b84.html]
[headtohealth.gov.au/search-resourcesf93a.html]
[headtohealth.gov.au/search-resourcesb313.html]
[headtohealth.gov.au/search-resources6b2e.html]
[headtohealth.gov.au/search-resources721f.html]
[headtohealth.gov.au/search-resourcesd7f8.html]
[headtohealth.gov.au/search-resources9dcd.html]
[headtohealth.gov.au/search-resourcesf008.html]
[headtohealth.gov.au/search-resources197a.html]
[headtohealth.gov.au/search-resources69ca.html]
[headtohealth.gov.au/search-resourcese73d.html]
[headtohealth.gov.au/search-resourcesd8a7.html]
[headtohealth.gov.au/search-resourcesaf1b.html]
[headtohealth.gov.au/search-resources82fa.html]
[headtohealth.gov.au/search-resourcese581.html]
[headtohealth.gov.au/search-resourcesdc4f.html]
[headtohealth.gov.au/search-resourcesaa0e.html]
[headtohealth.gov.au/search-resources0964.html]
[headtohealth.gov.au/search-resources388a.html]
[headtohealth.gov.au/search-resources3f47.html]
[headtohealth.gov.au/search-resourcesc605.html]
[headtohealth.gov.au/privacy-policy.html]
[headtohealth.gov.au/bundles/dmhg/scripts/requestresources2bae]
[headtohealth.gov.au/bundles/dmhg/scripts/serviceproviderse69c]
[headtohealth.gov.au/service-providers/explore-all-service-providers.html]
[headtohealth.gov.au/bundles/dmhg/scripts/savedcards2af7]
[headtohealth.gov.au/saved-resources.html]
[headtohealth.gov.au/bundles/dmhg/scripts/resourcepageaaf7]
[headtohealth.gov.au/resources/black-dog-institute---hp---head-to-health-explainer-video-for-gps.html]
[headtohealth.gov.au/search-resources7130.html]
[headtohealth.gov.au/search-resources2faa.html]
[headtohealth.gov.au/search-resourcesea4c.html]
[headtohealth.gov.au/search-resources9dae.html]
[headtohealth.gov.au/search-resources3c4f.html]
[headtohealth.gov.au/about/news-and-announcements.html]
[headtohealth.gov.au/Home/About/News and Announcements/Keep Your Spirit Strong.html]
[headtohealth.gov.au/Home/About/news-and-announcements/new-national-safety-and-quality-digital-mental-health-standards.html]
[headtohealth.gov.au/_https_/www.youtube.com/embed/ZZjeKoqj0nc44e8.html]
[headtohealth.gov.au/_https_/use.typekit.net/ust6had.js___/script_.html]
[headtohealth.gov.au/search-resourcesef5b.html]
[headtohealth.gov.au/search-resources19aa.html]
[headtohealth.gov.au/search-resources9daa.html]
[headtohealth.gov.au/search-resourcesa8a7.html]
[headtohealth.gov.au/supporting-yourself/support-for/aboriginal-and-torres-strait-islander-peoples.html]
[headtohealth.gov.au/sam-the-chatbot.html]
[headtohealth.gov.au/bundles/dmhg/scripts/dstf243]
[headtohealth.gov.au/about-us.html]
[headtohealth.gov.au/bundles/dmhg/scripts/crisispage0d16]
[headtohealth.gov.au/crisis-links.html]
[headtohealth.gov.au/Content/css/fonts/glyphicons-halflings-regular.svg]
[headtohealth.gov.au/Content/css/fonts/fontawesome-webfont3e6e.svg]
[headtohealth.gov.au/Content/fonts/DMHG/fontheadtohealth/fonts/fontheadtohealth4740.svg]
[headtohealth.gov.au/Content/images/DMHG/icon-warning-red.svg]
[headtohealth.gov.au/Content/images/DMHG/Homepage/mobile-banner_background.svg]
[headtohealth.gov.au/Content/images/DMHG/Homepage/tablet-banner_background.svg]
[headtohealth.gov.au/Content/images/DMHG/Homepage/desktop-banner_background.svg]
[headtohealth.gov.au/Content/images/DMHG/Homepage/desktop-banner_digi-set-1.svg]
[headtohealth.gov.au/Content/images/DMHG/Homepage/desktop-banner_digi-set-2.svg]
[headtohealth.gov.au/Content/images/DMHG/Homepage/new-to-HTH-water.svg]
[headtohealth.gov.au/Content/images/DMHG/Homepage/new-to-HTH-floatie-digi.svg]
[headtohealth.gov.au/Content/images/DMHG/Homepage/SAM_background.svg]
[headtohealth.gov.au/Content/images/DMHG/Homepage/SAM-sam-shadow.svg]
[headtohealth.gov.au/Content/images/DMHG/Homepage/SAM-sam.svg]
[headtohealth.gov.au/Content/images/DMHG/Homepage/About-HTH_digis_mobile_ground.svg]
[headtohealth.gov.au/Content/images/DMHG/Homepage/About-HTH_digis_desktop_ground.svg]
[headtohealth.gov.au/Content/images/DMHG/Homepage/About-HTH_digis_mobile.svg]
[headtohealth.gov.au/Content/images/DMHG/Homepage/About-HTH_digis_desktop.svg]
[headtohealth.gov.au/Content/images/DST/top-winston.svg]
[headtohealth.gov.au/Content/images/DMHG/overlay-20percent-black.svg]
[headtohealth.gov.au/Content/images/DMHG/watermark-quote.svg]
[headtohealth.gov.au/Content/images/DST/top-background-hill.svg]
[headtohealth.gov.au/Content/images/DST/top-background-far-hills.svg]
[headtohealth.gov.au/Content/images/DST/top-background-clouds.svg]
[headtohealth.gov.au/Content/images/DST/top-background-sky.svg]
[headtohealth.gov.au/Content/images/DST/avatars.svg]
[headtohealth.gov.au/Content/images/DMHG/icon-warning-white.svg]
[headtohealth.gov.au/Content/images/DMHG/Homepage/content-gallery_back-card.svg]
[headtohealth.gov.au/Content/images/DMHG/Homepage/content-gallery_next-card.svg]
[headtohealth.gov.au/c.html]
[headtohealth.gov.au/b.html]
[headtohealth.gov.au/POST.html]
[headtohealth.gov.au/supporting-someone-else/how-to-support-someone.html]
[headtohealth.gov.au/search-resources83ae.html]
[headtohealth.gov.au/search-resources8a51.html]
[headtohealth.gov.au/supporting-yourself/support-for/carers.html]
[headtohealth.gov.au/Home/Mandarin.html]
[headtohealth.gov.au/Home/Cantonese.html]
[headtohealth.gov.au/Home/Korean.html]
[headtohealth.gov.au/Home/Italian.html]
[headtohealth.gov.au/Home/Arabic.html]
[headtohealth.gov.au/Home/Vietnamese.html]
[headtohealth.gov.au/search-resources7ec8.html]
[headtohealth.gov.au/Home/Greek.html]
[headtohealth.gov.au/search-resources0562.html]
[headtohealth.gov.au/search-resources2fca.html]
[headtohealth.gov.au/search-resourcescc16.html]
[headtohealth.gov.au/search-resources634a.html]
[headtohealth.gov.au/search-resourcesd73c.html]
[headtohealth.gov.au/search-resourcesc0b6.html]
[headtohealth.gov.au/search-resourcesf281.html]
[headtohealth.gov.au/search-resourcese450.html]
[headtohealth.gov.au/search-resources3f33.html]
[headtohealth.gov.au/search-resources45b0.html]
[headtohealth.gov.au/search-resourcesbd23.html]
[headtohealth.gov.au/search-resources62e0.html]
[headtohealth.gov.au/search-resources2da6.html]
[headtohealth.gov.au/search-resources1096.html]
[headtohealth.gov.au/search-resources7fb6.html]
[headtohealth.gov.au/search-resources3ce7.html]
[headtohealth.gov.au/search-resourcesa1da.html]
[headtohealth.gov.au/search-resources0c33.html]
[headtohealth.gov.au/search-resourcesecd3.html]
[headtohealth.gov.au/search-resources6ebc.html]
[headtohealth.gov.au/search-resourcesbe6f.html]
[headtohealth.gov.au/search-resources9934.html]
[headtohealth.gov.au/search-resources578c.html]
[headtohealth.gov.au/search-resources0735.html]
[headtohealth.gov.au/search-resources8eb8.html]
[headtohealth.gov.au/search-resources7b84.html]
[headtohealth.gov.au/search-resourcesf93a.html]
[headtohealth.gov.au/search-resourcesb313.html]
[headtohealth.gov.au/search-resources6b2e.html]
[headtohealth.gov.au/search-resources721f.html]
[headtohealth.gov.au/search-resourcesd7f8.html]
[headtohealth.gov.au/search-resources9dcd.html]
[headtohealth.gov.au/search-resourcesf008.html]
[headtohealth.gov.au/search-resources197a.html]
[headtohealth.gov.au/search-resources69ca.html]
[headtohealth.gov.au/search-resourcese73d.html]
[headtohealth.gov.au/search-resourcesd8a7.html]
[headtohealth.gov.au/search-resourcesaf1b.html]
[headtohealth.gov.au/search-resources82fa.html]
[headtohealth.gov.au/search-resourcese581.html]
[headtohealth.gov.au/search-resourcesdc4f.html]
[headtohealth.gov.au/search-resourcesaa0e.html]
[headtohealth.gov.au/search-resources0964.html]
[headtohealth.gov.au/search-resources388a.html]
[headtohealth.gov.au/search-resources3f47.html]
[headtohealth.gov.au/search-resourcesc605.html]
[headtohealth.gov.au/privacy-policy.html]
[headtohealth.gov.au/_https_/headtohealth.gov.au_443/search-resources__search.html]
[headtohealth.gov.au/_https_/dmhgprodsc9-cdn.azureedge.net/-/media/dmhg/savedresources/savedresources_banner_character3520.html]
[headtohealth.gov.au/about/news-and-announcements.html]
[headtohealth.gov.au/meaningful-life/what-helps-us-thrive.html]
[headtohealth.gov.au/supporting-yourself/support-for/aboriginal-and-torres-strait-islander-peoples.html]
[headtohealth.gov.au/_https_/www.youtube.com/embed/7XOX6dLqxwg44e8.html]
[headtohealth.gov.au/_https_/www.youtube.com/embed/A0dfqMX0PO044e8.html]
[headtohealth.gov.au/supporting-yourself/support-for/carers.html]
[headtohealth.gov.au/Home/_https_/www.youtube.com/embed/rSpg5Jxgjfc44e8.html]
[headtohealth.gov.au/Home/_https_/use.typekit.net/ust6had.js___/script_.html]
[headtohealth.gov.au/Home/tel.html]
[headtohealth.gov.au/search-resources7ec8.html]
[headtohealth.gov.au/supporting-yourself/seeking-support.html]
[headtohealth.gov.au/meaningful-life/what-helps-us-thrive.html]
[headtohealth.gov.au/supporting-yourself/seeking-support.html]
[headtohealth.gov.au/meaningful-life/purposeful-activity.html]
[headtohealth.gov.au/meaningful-life/purposeful-activity.html]
